1
{"test":"hello world"}
1
{"test":"hello world again"}
0
